// Jest Snapshot v1, https://goo.gl/fbAQLP

exports[`App match snapshot 1`] = `
<BrowserRouter>
  <main
    className="container-0-0-1"
  >
    <div>
      <h1>
        hello world!
      </h1>
      <img
        alt="react logo"
        src="test-file-stub"
      />
      <p>
        If you see this everything is working!
      </p>
    </div>
    <ul
      className="left-0-0-2"
    >
      <li>
        <Link
          replace={false}
          to="/"
        >
          Home
        </Link>
      </li>
      <li>
        <Link
          replace={false}
          to="/about"
        >
          About
        </Link>
      </li>
    </ul>
    <Routes />
  </main>
</BrowserRouter>
`;
